// Jest Snapshot v1, https://goo.gl/fbAQLP

exports[`(1) Default Render 1`] = `
<div
  className="wallet-hive"
>
  <div
    className="wallet-main"
  >
    <div
      className="wallet-info"
    >
      <div
        className="balance-row estimated alternative"
      >
        <div
          className="balance-info"
        >
          <div
            className="title"
          >
            Estimated Account Value
          </div>
          <div
            className="description"
          >
            The estimated value is based on a 7 day average value of HIVE.
          </div>
        </div>
        <div
          className="balance-values"
        >
          <div
            className="amount amount-bold"
          >
            $ 0.000
          </div>
        </div>
      </div>
    </div>
    <div
      className="wallet-menu"
    >
      <a
        className="menu-item hive active"
        href="/@user1/wallet"
        onClick={[Function]}
      >
        <span
          className="title"
        >
          Proof of Brain
        </span>
        <span
          className="sub-title"
        >
          Wallet
        </span>
        <span
          className="platform-logo"
        >
          <img
            alt="POB"
            src="logo-small-transparent.png"
          />
        </span>
      </a>
      <a
        className="menu-item hive"
        href="/@user1/hive"
        onClick={[Function]}
      >
        <span
          className="title"
        >
          Hive
        </span>
        <span
          className="sub-title"
        >
          Wallet
        </span>
        <span
          className="platform-logo"
        >
          <svg
            viewBox="0 0 512 512"
          >
            <path
              d="M260.353,254.878,131.538,33.1a2.208,2.208,0,0,0-3.829.009L.3,254.887A2.234,2.234,0,0,0,.3,257.122L129.116,478.9a2.208,2.208,0,0,0,3.83-.009L260.358,257.113A2.239,2.239,0,0,0,260.353,254.878Zm39.078-25.713a2.19,2.19,0,0,0,1.9,1.111h66.509a2.226,2.226,0,0,0,1.9-3.341L259.115,33.111a2.187,2.187,0,0,0-1.9-1.111H190.707a2.226,2.226,0,0,0-1.9,3.341ZM511.7,254.886,384.9,33.112A2.2,2.2,0,0,0,382.99,32h-66.6a2.226,2.226,0,0,0-1.906,3.34L440.652,256,314.481,476.66a2.226,2.226,0,0,0,1.906,3.34h66.6a2.2,2.2,0,0,0,1.906-1.112L511.7,257.114A2.243,2.243,0,0,0,511.7,254.886ZM366.016,284.917H299.508a2.187,2.187,0,0,0-1.9,1.111l-108.8,190.631a2.226,2.226,0,0,0,1.9,3.341h66.509a2.187,2.187,0,0,0,1.9-1.111l108.8-190.631A2.226,2.226,0,0,0,366.016,284.917Z"
              fill="currentColor"
            />
          </svg>
        </span>
      </a>
    </div>
  </div>
</div>
`;

exports[`(2) Render with converting HBD 1`] = `
<div
  className="wallet-hive"
>
  <div
    className="wallet-main"
  >
    <div
      className="wallet-info"
    >
      <div
        className="balance-row estimated alternative"
      >
        <div
          className="balance-info"
        >
          <div
            className="title"
          >
            Estimated Account Value
          </div>
          <div
            className="description"
          >
            The estimated value is based on a 7 day average value of HIVE.
          </div>
        </div>
        <div
          className="balance-values"
        >
          <div
            className="amount amount-bold"
          >
            $ 0.000
          </div>
        </div>
      </div>
    </div>
    <div
      className="wallet-menu"
    >
      <a
        className="menu-item hive active"
        href="/@user1/wallet"
        onClick={[Function]}
      >
        <span
          className="title"
        >
          Proof of Brain
        </span>
        <span
          className="sub-title"
        >
          Wallet
        </span>
        <span
          className="platform-logo"
        >
          <img
            alt="POB"
            src="logo-small-transparent.png"
          />
        </span>
      </a>
      <a
        className="menu-item hive"
        href="/@user1/hive"
        onClick={[Function]}
      >
        <span
          className="title"
        >
          Hive
        </span>
        <span
          className="sub-title"
        >
          Wallet
        </span>
        <span
          className="platform-logo"
        >
          <svg
            viewBox="0 0 512 512"
          >
            <path
              d="M260.353,254.878,131.538,33.1a2.208,2.208,0,0,0-3.829.009L.3,254.887A2.234,2.234,0,0,0,.3,257.122L129.116,478.9a2.208,2.208,0,0,0,3.83-.009L260.358,257.113A2.239,2.239,0,0,0,260.353,254.878Zm39.078-25.713a2.19,2.19,0,0,0,1.9,1.111h66.509a2.226,2.226,0,0,0,1.9-3.341L259.115,33.111a2.187,2.187,0,0,0-1.9-1.111H190.707a2.226,2.226,0,0,0-1.9,3.341ZM511.7,254.886,384.9,33.112A2.2,2.2,0,0,0,382.99,32h-66.6a2.226,2.226,0,0,0-1.906,3.34L440.652,256,314.481,476.66a2.226,2.226,0,0,0,1.906,3.34h66.6a2.2,2.2,0,0,0,1.906-1.112L511.7,257.114A2.243,2.243,0,0,0,511.7,254.886ZM366.016,284.917H299.508a2.187,2.187,0,0,0-1.9,1.111l-108.8,190.631a2.226,2.226,0,0,0,1.9,3.341h66.509a2.187,2.187,0,0,0,1.9-1.111l108.8-190.631A2.226,2.226,0,0,0,366.016,284.917Z"
              fill="currentColor"
            />
          </svg>
        </span>
      </a>
    </div>
  </div>
</div>
`;

exports[`(3) usePrivate = false 1`] = `
<div
  className="wallet-hive"
>
  <div
    className="wallet-main"
  >
    <div
      className="wallet-info"
    >
      <div
        className="balance-row estimated alternative"
      >
        <div
          className="balance-info"
        >
          <div
            className="title"
          >
            Estimated Account Value
          </div>
          <div
            className="description"
          >
            The estimated value is based on a 7 day average value of HIVE.
          </div>
        </div>
        <div
          className="balance-values"
        >
          <div
            className="amount amount-bold"
          >
            $ 0.000
          </div>
        </div>
      </div>
    </div>
    <div
      className="wallet-menu"
    >
      <a
        className="menu-item hive active"
        href="/@user1/wallet"
        onClick={[Function]}
      >
        <span
          className="title"
        >
          Proof of Brain
        </span>
        <span
          className="sub-title"
        >
          Wallet
        </span>
        <span
          className="platform-logo"
        >
          <img
            alt="POB"
            src="logo-small-transparent.png"
          />
        </span>
      </a>
      <a
        className="menu-item hive"
        href="/@user1/hive"
        onClick={[Function]}
      >
        <span
          className="title"
        >
          Hive
        </span>
        <span
          className="sub-title"
        >
          Wallet
        </span>
        <span
          className="platform-logo"
        >
          <svg
            viewBox="0 0 512 512"
          >
            <path
              d="M260.353,254.878,131.538,33.1a2.208,2.208,0,0,0-3.829.009L.3,254.887A2.234,2.234,0,0,0,.3,257.122L129.116,478.9a2.208,2.208,0,0,0,3.83-.009L260.358,257.113A2.239,2.239,0,0,0,260.353,254.878Zm39.078-25.713a2.19,2.19,0,0,0,1.9,1.111h66.509a2.226,2.226,0,0,0,1.9-3.341L259.115,33.111a2.187,2.187,0,0,0-1.9-1.111H190.707a2.226,2.226,0,0,0-1.9,3.341ZM511.7,254.886,384.9,33.112A2.2,2.2,0,0,0,382.99,32h-66.6a2.226,2.226,0,0,0-1.906,3.34L440.652,256,314.481,476.66a2.226,2.226,0,0,0,1.906,3.34h66.6a2.2,2.2,0,0,0,1.906-1.112L511.7,257.114A2.243,2.243,0,0,0,511.7,254.886ZM366.016,284.917H299.508a2.187,2.187,0,0,0-1.9,1.111l-108.8,190.631a2.226,2.226,0,0,0,1.9,3.341h66.509a2.187,2.187,0,0,0,1.9-1.111l108.8-190.631A2.226,2.226,0,0,0,366.016,284.917Z"
              fill="currentColor"
            />
          </svg>
        </span>
      </a>
    </div>
  </div>
</div>
`;
