// Jest Snapshot v1, https://goo.gl/fbAQLP

exports[`(1) Default render 1`] = `
<div
  className="promote-dialog-content"
>
  <div
    className="transaction-form in-progress"
  >
    <div
      className="transaction-form-header"
    >
      <div
        className="step-no"
      >
        1
      </div>
      <div
        className="box-titles"
      >
        <div
          className="main-title"
        >
          Promote
        </div>
        <div
          className="sub-title"
        >
          Promote your post
        </div>
      </div>
    </div>
    <div
      className="linear-progress"
    >
      <div
        className="bar bar1"
      />
      <div
        className="bar bar2"
      />
    </div>
    <div
      className="transaction-form-body"
    >
      <div
        className="form-group row"
      >
        <label
          className="form-label col-form-label col-sm-2"
        >
          Balance
        </label>
        <div
          className="col-sm-10"
        >
          <input
            className="balance-input form-control-plaintext"
            readOnly={true}
            value="0.000,000,00 Proof of Brain"
          />
          
        </div>
      </div>
      <div
        className="form-group row"
      >
        <label
          className="form-label col-form-label col-sm-2"
        >
          Post
        </label>
        <div
          className="col-sm-10"
        >
          <div
            className="suggestion"
          >
            <input
              className="form-control"
              disabled={true}
              onChange={[Function]}
              placeholder="username/permlink"
              type="text"
              value=""
            />
          </div>
          
          <small
            className="text-muted form-text"
          >
            Autocomplete input
          </small>
        </div>
      </div>
      <div
        className="form-group row"
      >
        <label
          className="form-label col-form-label col-sm-2"
        >
          Duration
        </label>
        <div
          className="col-sm-10"
        >
          <select
            className="form-control"
            disabled={true}
            onChange={[Function]}
            value={1800}
          >
            <div />
            <div />
            <div />
            <div />
            <div />
            <div />
            <div />
            <div />
            <div />
            <div />
          </select>
        </div>
      </div>
      <div
        className="form-group row"
      >
        <label
          className="form-label col-form-label col-sm-2"
        />
        <div
          className="col-sm-10"
        >
          <button
            className="btn btn-primary"
            disabled={true}
            onClick={[Function]}
            type="button"
          >
            Next
          </button>
        </div>
      </div>
    </div>
  </div>
</div>
`;

exports[`(2) Insufficient Funds 1`] = `
<div
  className="promote-dialog-content"
>
  <div
    className="transaction-form in-progress"
  >
    <div
      className="transaction-form-header"
    >
      <div
        className="step-no"
      >
        1
      </div>
      <div
        className="box-titles"
      >
        <div
          className="main-title"
        >
          Promote
        </div>
        <div
          className="sub-title"
        >
          Promote your post
        </div>
      </div>
    </div>
    <div
      className="linear-progress"
    >
      <div
        className="bar bar1"
      />
      <div
        className="bar bar2"
      />
    </div>
    <div
      className="transaction-form-body"
    >
      <div
        className="form-group row"
      >
        <label
          className="form-label col-form-label col-sm-2"
        >
          Balance
        </label>
        <div
          className="col-sm-10"
        >
          <input
            className="balance-input form-control-plaintext"
            readOnly={true}
            value="0.000,000,00 Proof of Brain"
          />
          
        </div>
      </div>
      <div
        className="form-group row"
      >
        <label
          className="form-label col-form-label col-sm-2"
        >
          Post
        </label>
        <div
          className="col-sm-10"
        >
          <div
            className="suggestion"
          >
            <input
              className="form-control"
              disabled={true}
              onChange={[Function]}
              placeholder="username/permlink"
              type="text"
              value=""
            />
          </div>
          
          <small
            className="text-muted form-text"
          >
            Autocomplete input
          </small>
        </div>
      </div>
      <div
        className="form-group row"
      >
        <label
          className="form-label col-form-label col-sm-2"
        >
          Duration
        </label>
        <div
          className="col-sm-10"
        >
          <select
            className="form-control"
            disabled={true}
            onChange={[Function]}
            value={1800}
          >
            <div />
            <div />
            <div />
            <div />
            <div />
            <div />
            <div />
            <div />
            <div />
            <div />
          </select>
        </div>
      </div>
      <div
        className="form-group row"
      >
        <label
          className="form-label col-form-label col-sm-2"
        />
        <div
          className="col-sm-10"
        >
          <button
            className="btn btn-primary"
            disabled={true}
            onClick={[Function]}
            type="button"
          >
            Next
          </button>
        </div>
      </div>
    </div>
  </div>
</div>
`;

exports[`(3) With entry 1`] = `
<div
  className="promote-dialog-content"
>
  <div
    className="transaction-form in-progress"
  >
    <div
      className="transaction-form-header"
    >
      <div
        className="step-no"
      >
        1
      </div>
      <div
        className="box-titles"
      >
        <div
          className="main-title"
        >
          Promote
        </div>
        <div
          className="sub-title"
        >
          Promote your post
        </div>
      </div>
    </div>
    <div
      className="linear-progress"
    >
      <div
        className="bar bar1"
      />
      <div
        className="bar bar2"
      />
    </div>
    <div
      className="transaction-form-body"
    >
      <div
        className="form-group row"
      >
        <label
          className="form-label col-form-label col-sm-2"
        >
          Balance
        </label>
        <div
          className="col-sm-10"
        >
          <input
            className="balance-input form-control-plaintext"
            readOnly={true}
            value="0.000,000,00 Proof of Brain"
          />
          
        </div>
      </div>
      <div
        className="form-group row"
      >
        <label
          className="form-label col-form-label col-sm-2"
        >
          Post
        </label>
        <div
          className="col-sm-10"
        >
          <div
            className="suggestion"
          >
            <input
              className="form-control"
              disabled={true}
              onChange={[Function]}
              placeholder="username/permlink"
              type="text"
              value=""
            />
          </div>
          
          <small
            className="text-muted form-text"
          >
            Autocomplete input
          </small>
        </div>
      </div>
      <div
        className="form-group row"
      >
        <label
          className="form-label col-form-label col-sm-2"
        >
          Duration
        </label>
        <div
          className="col-sm-10"
        >
          <select
            className="form-control"
            disabled={true}
            onChange={[Function]}
            value={1800}
          >
            <div />
            <div />
            <div />
            <div />
            <div />
            <div />
            <div />
            <div />
            <div />
            <div />
          </select>
        </div>
      </div>
      <div
        className="form-group row"
      >
        <label
          className="form-label col-form-label col-sm-2"
        />
        <div
          className="col-sm-10"
        >
          <button
            className="btn btn-primary"
            disabled={true}
            onClick={[Function]}
            type="button"
          >
            Next
          </button>
        </div>
      </div>
    </div>
  </div>
</div>
`;
