// Jest Snapshot v1, https://goo.gl/fbAQLP

exports[`(1) Render list 1`] = `
<div
  className="friends-content"
>
  <div
    className="friends-list"
  >
    <div
      className="friend-search-box"
    >
      <input
        className="form-control"
        onChange={[Function]}
        onKeyDown={[Function]}
        placeholder="Search"
        value=""
      />
    </div>
    <div
      className="list-body"
    >
      <div
        className="list-item"
      >
        <div
          className="item-main"
        >
          <a
            href="/@user1"
            onClick={[Function]}
          >
            <span
              className="user-avatar small"
              style={
                Object {
                  "backgroundImage": "url(https://images.ecency.com/u/user1/avatar/small)",
                }
              }
            />
          </a>
          <div
            className="item-info"
          >
            <a
              className="item-name notransalte"
              href="/@user1"
              onClick={[Function]}
            >
              user1
            </a>
          </div>
        </div>
      </div>
      <div
        className="list-item"
      >
        <div
          className="item-main"
        >
          <a
            href="/@user2"
            onClick={[Function]}
          >
            <span
              className="user-avatar small"
              style={
                Object {
                  "backgroundImage": "url(https://images.ecency.com/u/user2/avatar/small)",
                }
              }
            />
          </a>
          <div
            className="item-info"
          >
            <a
              className="item-name notransalte"
              href="/@user2"
              onClick={[Function]}
            >
              user2
            </a>
          </div>
        </div>
      </div>
      <div
        className="list-item"
      >
        <div
          className="item-main"
        >
          <a
            href="/@user3"
            onClick={[Function]}
          >
            <span
              className="user-avatar small"
              style={
                Object {
                  "backgroundImage": "url(https://images.ecency.com/u/user3/avatar/small)",
                }
              }
            />
          </a>
          <div
            className="item-info"
          >
            <a
              className="item-name notransalte"
              href="/@user3"
              onClick={[Function]}
            >
              user3
            </a>
          </div>
        </div>
      </div>
    </div>
  </div>
  <div
    className="load-more"
  >
    <button
      className="btn btn-primary"
      disabled={true}
      onClick={[Function]}
      type="button"
    >
      Load More
    </button>
  </div>
</div>
`;
