// Jest Snapshot v1, https://goo.gl/fbAQLP

exports[`(1) Default render 1`] = `
<div
  className="preferences"
>
  <div
    className="preferences-header"
  >
    Preferences
  </div>
  <div
    className="form-row"
  >
    <div
      className="col-xl-4 col-lg-6"
    >
      <div
        className="form-group"
      >
        <label
          className="form-label"
        >
          Notification alerts
        </label>
        <select
          className="form-control"
          onChange={[Function]}
          type="text"
          value={1}
        >
          <option
            value={1}
          >
            On
          </option>
          <option
            value={0}
          >
            Off
          </option>
        </select>
      </div>
    </div>
    <div
      className="col-xl-4 col-lg-6"
    >
      <div
        className="form-group"
      >
        <label
          className="form-label"
        >
          Currency
        </label>
        <select
          className="form-control"
          disabled={false}
          onChange={[Function]}
          type="text"
          value="usd"
        >
          <option
            value="btc"
          >
            BTC
          </option>
          <option
            value="hbd"
          >
            Hive Based Dollar
          </option>
          <option
            value="usd"
          >
            USD
          </option>
          <option
            value="eur"
          >
            EUR
          </option>
          <option
            value="rub"
          >
            RUB
          </option>
          <option
            value="gbp"
          >
            GBP
          </option>
          <option
            value="jpy"
          >
            JPY
          </option>
          <option
            value="krw"
          >
            KRW
          </option>
          <option
            value="inr"
          >
            INR
          </option>
          <option
            value="cny"
          >
            CNY
          </option>
          <option
            value="uah"
          >
            UAH
          </option>
          <option
            value="sek"
          >
            SEK
          </option>
          <option
            value="try"
          >
            TRY
          </option>
          <option
            value="cad"
          >
            CAD
          </option>
          <option
            value="chf"
          >
            CHF
          </option>
          <option
            value="aud"
          >
            AUD
          </option>
          <option
            value="nok"
          >
            NOK
          </option>
          <option
            value="pln"
          >
            PLN
          </option>
          <option
            value="php"
          >
            PHP
          </option>
          <option
            value="idr"
          >
            IDR
          </option>
          <option
            value="zar"
          >
            ZAR
          </option>
          <option
            value="thb"
          >
            THB
          </option>
          <option
            value="pkr"
          >
            PKR
          </option>
          <option
            value="vnd"
          >
            VND
          </option>
          <option
            value="ngn"
          >
            NGN
          </option>
        </select>
      </div>
    </div>
    <div
      className="col-xl-4 col-lg-6"
    >
      <div
        className="form-group"
      >
        <label
          className="form-label"
        >
          Language
        </label>
        <select
          className="form-control"
          disabled={false}
          onChange={[Function]}
          type="text"
          value="en-US"
        >
          <option
            value="en-US"
          >
            English
          </option>
          <option
            value="es-ES"
          >
            Español
          </option>
          <option
            value="hi-IN"
          >
            हिन्दी
          </option>
          <option
            value="it-IT"
          >
            Italiano
          </option>
          <option
            value="id-ID"
          >
            Bahasa Indonesia
          </option>
          <option
            value="pt-PT"
          >
            Português
          </option>
          <option
            value="sr-CS"
          >
            Srpski
          </option>
          <option
            value="fi-FI"
          >
            Suomi
          </option>
          <option
            value="uk-UA"
          >
            Українська
          </option>
          <option
            value="bg-BG"
          >
            Български
          </option>
          <option
            value="zh-CN"
          >
            简体字
          </option>
        </select>
      </div>
    </div>
  </div>
  <div
    className="form-row"
  >
    <div
      className="col-xl-4 col-lg-6"
    >
      <div
        className="form-group"
      >
        <label
          className="form-label"
        >
          Show NSFW content
        </label>
        <select
          className="form-control"
          onChange={[Function]}
          type="text"
          value={0}
        >
          <option
            value={1}
          >
            On
          </option>
          <option
            value={0}
          >
            Off
          </option>
        </select>
      </div>
    </div>
  </div>
</div>
`;
