// Jest Snapshot v1, https://goo.gl/fbAQLP

exports[`(1) formattedNumber 1`] = `"1,250.000"`;


exports[`(2) formattedNumber - with fraction digits 1`] = `"1,250.00"`;

exports[`(3) formattedNumber - with prefix 1`] = `"$ 100.000"`;

exports[`(4) formattedNumber - with suffix 1`] = `"100.000 TL"`;

exports[`(5) formattedNumber - with fraction digits and maximum fraction digits 1`] = `"1,250.0"`;
exports[`(5) formattedNumber - with fraction digits and maximum fraction digits 2`] = `"1,250.000,000"`;

exports[`(5) formattedNumber - with fraction digits and maximum fraction digits 3`] = `"0.000,000,1"`;
exports[`(5) formattedNumber - with fraction digits and maximum fraction digits 4`] = `"0.000,000,1"`;
