// Jest Snapshot v1, https://goo.gl/fbAQLP

exports[`(1) Default render 1`] = `
Array [
  <div
    className="nav-bar-toggle"
    onClick={[Function]}
  >
    <svg
      viewBox="0 0 24 24"
    >
      <path
        d="M3,6H21V8H3V6M3,11H21V13H3V11M3,16H21V18H3V16Z"
        fill="currentColor"
      />
    </svg>
  </div>,
  <div
    className="nav-bar-sm"
  >
    <div
      className="brand"
    >
      <img
        alt="Logo"
        className="logo"
        onClick={[Function]}
        src="logo-circle.svg"
      />
    </div>
    <div
      className="text-menu"
    >
      <a
        className="menu-item"
        href="/discover"
        onClick={[Function]}
      >
        Discover
      </a>
      <a
        className="menu-item"
        href="/communities"
        onClick={[Function]}
      >
        Communities
      </a>
    </div>
  </div>,
  <div
    className="nav-bar"
  >
    <div
      className="nav-bar-inner"
    >
      <div
        className="brand"
      >
        <img
          alt="Logo"
          className="logo"
          onClick={[Function]}
          src="logo-circle.svg"
        />
      </div>
      <div
        className="text-menu"
      >
        <a
          className="menu-item"
          href="/discover"
          onClick={[Function]}
        >
          Discover
        </a>
        <a
          className="menu-item"
          href="/communities"
          onClick={[Function]}
        >
          Communities
        </a>
      </div>
      <div
        className="flex-spacer"
      />
      <div
        className="search-bar"
      >
        <div
          className="suggestion"
        >
          <div
            className="search-box"
          >
            <span
              className="prepend"
            >
              <svg
                viewBox="0 0 24 24"
              >
                <path
                  d="M9.5,3A6.5,6.5 0 0,1 16,9.5C16,11.11 15.41,12.59 14.44,13.73L14.71,14H15.5L20.5,19L19,20.5L14,15.5V14.71L13.73,14.44C12.59,15.41 11.11,16 9.5,16A6.5,6.5 0 0,1 3,9.5A6.5,6.5 0 0,1 9.5,3M9.5,5C7,5 5,7 5,9.5C5,12 7,14 9.5,14C12,14 14,12 14,9.5C14,7 12,5 9.5,5Z"
                  fill="currentColor"
                />
              </svg>
            </span>
            <input
              autoComplete="off"
              className="form-control"
              onChange={[Function]}
              onKeyDown={[Function]}
              placeholder="Search 10,000,000 posts"
              type="text"
              value=""
            />
          </div>
        </div>
      </div>
      <div
        className="switch-menu"
      >
        <div
          className="switch-language"
        >
          <div
            className="custom-dropdown float-right"
            onClick={[Function]}
            onMouseEnter={[Function]}
            onMouseLeave={[Function]}
          >
            <div
              className="dropdown-btn"
            >
              <div
                className="label"
              >
                EN
              </div>
              <div
                className="menu-down"
              >
                <svg
                  viewBox="0 0 24 24"
                >
                  <path
                    d="M7,10L12,15L17,10H7Z"
                    fill="currentColor"
                  />
                </svg>
              </div>
            </div>
          </div>
        </div>
        <div
          className="switch-theme"
          onClick={[Function]}
          title="Night Theme"
        >
          <svg
            viewBox="0 0 24 24"
          >
            <path
              d="M12,18V6A6,6 0 0,1 18,12A6,6 0 0,1 12,18M20,15.31L23.31,12L20,8.69V4H15.31L12,0.69L8.69,4H4V8.69L0.69,12L4,15.31V20H8.69L12,23.31L15.31,20H20V15.31Z"
              fill="currentColor"
            />
          </svg>
        </div>
        <a
          className="switch-theme pencil"
          href="/submit"
          onClick={[Function]}
          title="Create Post"
        >
          <svg
            viewBox="0 0 24 24"
          >
            <path
              d="M14.06,9L15,9.94L5.92,19H5V18.08L14.06,9M17.66,3C17.41,3 17.15,3.1 16.96,3.29L15.13,5.12L18.88,8.87L20.71,7.04C21.1,6.65 21.1,6 20.71,5.63L18.37,3.29C18.17,3.09 17.92,3 17.66,3M14.06,6.19L3,17.25V21H6.75L17.81,9.94L14.06,6.19Z"
              fill="currentColor"
            />
          </svg>
        </a>
      </div>
      <div
        className="btn-menu"
      >
        <div>
          <div
            className="login-required"
          >
            <button
              className="btn-login btn-primary btn btn-primary"
              disabled={false}
              onClick={[Function]}
              type="button"
            >
              Login
            </button>
            <a
              className="btn btn-primary"
              href="/signup"
              onClick={[Function]}
            >
              Signup
            </a>
          </div>
          <div
            className="submit-post"
          >
            <a
              className="btn btn-outline-primary"
              href="/submit"
              onClick={[Function]}
              title="Create Post"
            >
              <svg
                viewBox="0 0 24 24"
              >
                <path
                  d="M14.06,9L15,9.94L5.92,19H5V18.08L14.06,9M17.66,3C17.41,3 17.15,3.1 16.96,3.29L15.13,5.12L18.88,8.87L20.71,7.04C21.1,6.65 21.1,6 20.71,5.63L18.37,3.29C18.17,3.09 17.92,3 17.66,3M14.06,6.19L3,17.25V21H6.75L17.81,9.94L14.06,6.19Z"
                  fill="currentColor"
                />
              </svg>
            </a>
          </div>
        </div>
      </div>
    </div>
    <audio
      autoPlay={false}
      id="notification-audio"
      muted={true}
      src="notification.mp3"
      style={
        Object {
          "display": "none",
        }
      }
    />
  </div>,
]
`;

exports[`(2) Night Theme 1`] = `
Array [
  <div
    className="nav-bar-toggle"
    onClick={[Function]}
  >
    <svg
      viewBox="0 0 24 24"
    >
      <path
        d="M3,6H21V8H3V6M3,11H21V13H3V11M3,16H21V18H3V16Z"
        fill="currentColor"
      />
    </svg>
  </div>,
  <div
    className="nav-bar-sm"
  >
    <div
      className="brand"
    >
      <img
        alt="Logo"
        className="logo"
        onClick={[Function]}
        src="logo-circle.svg"
      />
    </div>
    <div
      className="text-menu"
    >
      <a
        className="menu-item"
        href="/discover"
        onClick={[Function]}
      >
        Discover
      </a>
      <a
        className="menu-item"
        href="/communities"
        onClick={[Function]}
      >
        Communities
      </a>
    </div>
  </div>,
  <div
    className="nav-bar"
  >
    <div
      className="nav-bar-inner"
    >
      <div
        className="brand"
      >
        <img
          alt="Logo"
          className="logo"
          onClick={[Function]}
          src="logo-circle.svg"
        />
      </div>
      <div
        className="text-menu"
      >
        <a
          className="menu-item"
          href="/discover"
          onClick={[Function]}
        >
          Discover
        </a>
        <a
          className="menu-item"
          href="/communities"
          onClick={[Function]}
        >
          Communities
        </a>
      </div>
      <div
        className="flex-spacer"
      />
      <div
        className="search-bar"
      >
        <div
          className="suggestion"
        >
          <div
            className="search-box"
          >
            <span
              className="prepend"
            >
              <svg
                viewBox="0 0 24 24"
              >
                <path
                  d="M9.5,3A6.5,6.5 0 0,1 16,9.5C16,11.11 15.41,12.59 14.44,13.73L14.71,14H15.5L20.5,19L19,20.5L14,15.5V14.71L13.73,14.44C12.59,15.41 11.11,16 9.5,16A6.5,6.5 0 0,1 3,9.5A6.5,6.5 0 0,1 9.5,3M9.5,5C7,5 5,7 5,9.5C5,12 7,14 9.5,14C12,14 14,12 14,9.5C14,7 12,5 9.5,5Z"
                  fill="currentColor"
                />
              </svg>
            </span>
            <input
              autoComplete="off"
              className="form-control"
              onChange={[Function]}
              onKeyDown={[Function]}
              placeholder="Search 10,000,000 posts"
              type="text"
              value=""
            />
          </div>
        </div>
      </div>
      <div
        className="switch-menu"
      >
        <div
          className="switch-language"
        >
          <div
            className="custom-dropdown float-right"
            onClick={[Function]}
            onMouseEnter={[Function]}
            onMouseLeave={[Function]}
          >
            <div
              className="dropdown-btn"
            >
              <div
                className="label"
              >
                EN
              </div>
              <div
                className="menu-down"
              >
                <svg
                  viewBox="0 0 24 24"
                >
                  <path
                    d="M7,10L12,15L17,10H7Z"
                    fill="currentColor"
                  />
                </svg>
              </div>
            </div>
          </div>
        </div>
        <div
          className="switch-theme"
          onClick={[Function]}
          title="Day Theme"
        >
          <svg
            viewBox="0 0 24 24"
          >
            <path
              d="M12,18V6A6,6 0 0,1 18,12A6,6 0 0,1 12,18M20,15.31L23.31,12L20,8.69V4H15.31L12,0.69L8.69,4H4V8.69L0.69,12L4,15.31V20H8.69L12,23.31L15.31,20H20V15.31Z"
              fill="currentColor"
            />
          </svg>
        </div>
        <a
          className="switch-theme pencil"
          href="/submit"
          onClick={[Function]}
          title="Create Post"
        >
          <svg
            viewBox="0 0 24 24"
          >
            <path
              d="M14.06,9L15,9.94L5.92,19H5V18.08L14.06,9M17.66,3C17.41,3 17.15,3.1 16.96,3.29L15.13,5.12L18.88,8.87L20.71,7.04C21.1,6.65 21.1,6 20.71,5.63L18.37,3.29C18.17,3.09 17.92,3 17.66,3M14.06,6.19L3,17.25V21H6.75L17.81,9.94L14.06,6.19Z"
              fill="currentColor"
            />
          </svg>
        </a>
      </div>
      <div
        className="btn-menu"
      >
        <div>
          <div
            className="login-required"
          >
            <button
              className="btn-login btn-primary btn btn-primary"
              disabled={false}
              onClick={[Function]}
              type="button"
            >
              Login
            </button>
            <a
              className="btn btn-primary"
              href="/signup"
              onClick={[Function]}
            >
              Signup
            </a>
          </div>
          <div
            className="submit-post"
          >
            <a
              className="btn btn-outline-primary"
              href="/submit"
              onClick={[Function]}
              title="Create Post"
            >
              <svg
                viewBox="0 0 24 24"
              >
                <path
                  d="M14.06,9L15,9.94L5.92,19H5V18.08L14.06,9M17.66,3C17.41,3 17.15,3.1 16.96,3.29L15.13,5.12L18.88,8.87L20.71,7.04C21.1,6.65 21.1,6 20.71,5.63L18.37,3.29C18.17,3.09 17.92,3 17.66,3M14.06,6.19L3,17.25V21H6.75L17.81,9.94L14.06,6.19Z"
                  fill="currentColor"
                />
              </svg>
            </a>
          </div>
        </div>
      </div>
    </div>
    <audio
      autoPlay={false}
      id="notification-audio"
      muted={true}
      src="notification.mp3"
      style={
        Object {
          "display": "none",
        }
      }
    />
  </div>,
]
`;

exports[`(3) With active user 1`] = `
Array [
  <div
    className="nav-bar-toggle"
    onClick={[Function]}
  >
    <svg
      viewBox="0 0 24 24"
    >
      <path
        d="M3,6H21V8H3V6M3,11H21V13H3V11M3,16H21V18H3V16Z"
        fill="currentColor"
      />
    </svg>
  </div>,
  <div
    className="nav-bar-sm"
  >
    <div
      className="brand"
    >
      <a
        href="/@foo/feed"
        onClick={[Function]}
      >
        <img
          alt="Logo"
          className="logo"
          src="logo-circle.svg"
        />
      </a>
    </div>
    <div
      className="text-menu"
    >
      <a
        className="menu-item"
        href="/discover"
        onClick={[Function]}
      >
        Discover
      </a>
      <a
        className="menu-item"
        href="/communities"
        onClick={[Function]}
      >
        Communities
      </a>
    </div>
  </div>,
  <div
    className="nav-bar"
  >
    <div
      className="nav-bar-inner"
    >
      <div
        className="brand"
      >
        <a
          href="/@foo/feed"
          onClick={[Function]}
        >
          <img
            alt="Logo"
            className="logo"
            src="logo-circle.svg"
          />
        </a>
      </div>
      <div
        className="text-menu"
      >
        <a
          className="menu-item"
          href="/discover"
          onClick={[Function]}
        >
          Discover
        </a>
        <a
          className="menu-item"
          href="/communities"
          onClick={[Function]}
        >
          Communities
        </a>
      </div>
      <div
        className="flex-spacer"
      />
      <div
        className="search-bar"
      >
        <div
          className="suggestion"
        >
          <div
            className="search-box"
          >
            <span
              className="prepend"
            >
              <svg
                viewBox="0 0 24 24"
              >
                <path
                  d="M9.5,3A6.5,6.5 0 0,1 16,9.5C16,11.11 15.41,12.59 14.44,13.73L14.71,14H15.5L20.5,19L19,20.5L14,15.5V14.71L13.73,14.44C12.59,15.41 11.11,16 9.5,16A6.5,6.5 0 0,1 3,9.5A6.5,6.5 0 0,1 9.5,3M9.5,5C7,5 5,7 5,9.5C5,12 7,14 9.5,14C12,14 14,12 14,9.5C14,7 12,5 9.5,5Z"
                  fill="currentColor"
                />
              </svg>
            </span>
            <input
              autoComplete="off"
              className="form-control"
              onChange={[Function]}
              onKeyDown={[Function]}
              placeholder="Search 10,000,000 posts"
              type="text"
              value=""
            />
          </div>
        </div>
      </div>
      <div
        className="switch-menu"
      >
        <div
          className="switch-language"
        >
          <div
            className="custom-dropdown float-right"
            onClick={[Function]}
            onMouseEnter={[Function]}
            onMouseLeave={[Function]}
          >
            <div
              className="dropdown-btn"
            >
              <div
                className="label"
              >
                EN
              </div>
              <div
                className="menu-down"
              >
                <svg
                  viewBox="0 0 24 24"
                >
                  <path
                    d="M7,10L12,15L17,10H7Z"
                    fill="currentColor"
                  />
                </svg>
              </div>
            </div>
          </div>
        </div>
        <div
          className="switch-theme"
          onClick={[Function]}
          title="Night Theme"
        >
          <svg
            viewBox="0 0 24 24"
          >
            <path
              d="M12,18V6A6,6 0 0,1 18,12A6,6 0 0,1 12,18M20,15.31L23.31,12L20,8.69V4H15.31L12,0.69L8.69,4H4V8.69L0.69,12L4,15.31V20H8.69L12,23.31L15.31,20H20V15.31Z"
              fill="currentColor"
            />
          </svg>
        </div>
        <a
          className="switch-theme pencil"
          href="/submit"
          onClick={[Function]}
          title="Create Post"
        >
          <svg
            viewBox="0 0 24 24"
          >
            <path
              d="M14.06,9L15,9.94L5.92,19H5V18.08L14.06,9M17.66,3C17.41,3 17.15,3.1 16.96,3.29L15.13,5.12L18.88,8.87L20.71,7.04C21.1,6.65 21.1,6 20.71,5.63L18.37,3.29C18.17,3.09 17.92,3 17.66,3M14.06,6.19L3,17.25V21H6.75L17.81,9.94L14.06,6.19Z"
              fill="currentColor"
            />
          </svg>
        </a>
      </div>
      <div
        className="btn-menu"
      />
      <div>
        <div
          className="user-nav"
        >
          <a
            className="user-points"
            href="/@foo/points"
            onClick={[Function]}
            title="You have unclaimed points"
          >
            <span
              className="reward-badge"
            />
            <svg
              viewBox="0 0 24 24"
            >
              <path
                d="M20,14H4V8H9.08L7,10.83L8.62,12L11,8.76L12,7.4L13,8.76L15.38,12L17,10.83L14.92,8H20M20,19H4V17H20M9,4A1,1 0 0,1 10,5A1,1 0 0,1 9,6A1,1 0 0,1 8,5A1,1 0 0,1 9,4M15,4A1,1 0 0,1 16,5A1,1 0 0,1 15,6A1,1 0 0,1 14,5A1,1 0 0,1 15,4M20,6H17.82C17.93,5.69 18,5.35 18,5A3,3 0 0,0 15,2C13.95,2 13.04,2.54 12.5,3.35L12,4L11.5,3.34C10.96,2.54 10.05,2 9,2A3,3 0 0,0 6,5C6,5.35 6.07,5.69 6.18,6H4C2.89,6 2,6.89 2,8V19C2,20.11 2.89,21 4,21H20C21.11,21 22,20.11 22,19V8C22,6.89 21.11,6 20,6Z"
                fill="currentColor"
              />
            </svg>
          </a>
          <a
            className="user-wallet"
            href="/@foo/wallet"
            onClick={[Function]}
            title="Wallet"
          >
            <svg
              viewBox="0 0 24 24"
            >
              <path
                d="M20,8H4V6H20M20,18H4V12H20M20,4H4C2.89,4 2,4.89 2,6V18A2,2 0 0,0 4,20H20A2,2 0 0,0 22,18V6C22,4.89 21.1,4 20,4Z"
                fill="currentColor"
              />
            </svg>
          </a>
          <span
            className="notifications"
            onClick={[Function]}
            title="Notifications"
          >
            <svg
              fill="#ffffff"
              viewBox="0 0 24 24"
              xmlns="http://www.w3.org/2000/svg"
            >
              <path
                d="M0 0h24v24H0V0z"
                fill="none"
              />
              <path
                d="M12 22c1.1 0 2-.9 2-2h-4c0 1.1.9 2 2 2zm6-6v-5c0-3.07-1.63-5.64-4.5-6.32V4c0-.83-.67-1.5-1.5-1.5s-1.5.67-1.5 1.5v.68C7.64 5.36 6 7.92 6 11v5l-2 2v1h16v-1l-2-2zm-2 1H8v-6c0-2.48 1.51-4.5 4-4.5s4 2.02 4 4.5v6z"
              />
            </svg>
          </span>
          <div
            className="custom-dropdown float-right"
            onClick={[Function]}
            onMouseEnter={[Function]}
            onMouseLeave={[Function]}
          >
            <span
              className="user-avatar medium"
              style={
                Object {
                  "backgroundImage": "url(https://images.ecency.com/u/foo/avatar/medium)",
                }
              }
            />
          </div>
        </div>
        <div
          className="submit-post"
        >
          <a
            className="btn btn-outline-primary"
            href="/submit"
            onClick={[Function]}
            title="Create Post"
          >
            <svg
              viewBox="0 0 24 24"
            >
              <path
                d="M14.06,9L15,9.94L5.92,19H5V18.08L14.06,9M17.66,3C17.41,3 17.15,3.1 16.96,3.29L15.13,5.12L18.88,8.87L20.71,7.04C21.1,6.65 21.1,6 20.71,5.63L18.37,3.29C18.17,3.09 17.92,3 17.66,3M14.06,6.19L3,17.25V21H6.75L17.81,9.94L14.06,6.19Z"
                fill="currentColor"
              />
            </svg>
          </a>
        </div>
      </div>
    </div>
    <audio
      autoPlay={false}
      id="notification-audio"
      muted={true}
      src="notification.mp3"
      style={
        Object {
          "display": "none",
        }
      }
    />
  </div>,
]
`;

exports[`(4) With active user && usePrivate = false 1`] = `
Array [
  <div
    className="nav-bar-toggle"
    onClick={[Function]}
  >
    <svg
      viewBox="0 0 24 24"
    >
      <path
        d="M3,6H21V8H3V6M3,11H21V13H3V11M3,16H21V18H3V16Z"
        fill="currentColor"
      />
    </svg>
  </div>,
  <div
    className="nav-bar-sm"
  >
    <div
      className="brand"
    >
      <a
        href="/@foo/feed"
        onClick={[Function]}
      >
        <img
          alt="Logo"
          className="logo"
          src="logo-circle.svg"
        />
      </a>
    </div>
    <div
      className="text-menu"
    >
      <a
        className="menu-item"
        href="/discover"
        onClick={[Function]}
      >
        Discover
      </a>
      <a
        className="menu-item"
        href="/communities"
        onClick={[Function]}
      >
        Communities
      </a>
    </div>
  </div>,
  <div
    className="nav-bar"
  >
    <div
      className="nav-bar-inner"
    >
      <div
        className="brand"
      >
        <a
          href="/@foo/feed"
          onClick={[Function]}
        >
          <img
            alt="Logo"
            className="logo"
            src="logo-circle.svg"
          />
        </a>
      </div>
      <div
        className="text-menu"
      >
        <a
          className="menu-item"
          href="/discover"
          onClick={[Function]}
        >
          Discover
        </a>
        <a
          className="menu-item"
          href="/communities"
          onClick={[Function]}
        >
          Communities
        </a>
      </div>
      <div
        className="flex-spacer"
      />
      <div
        className="search-bar"
      >
        <div
          className="suggestion"
        >
          <div
            className="search-box"
          >
            <span
              className="prepend"
            >
              <svg
                viewBox="0 0 24 24"
              >
                <path
                  d="M9.5,3A6.5,6.5 0 0,1 16,9.5C16,11.11 15.41,12.59 14.44,13.73L14.71,14H15.5L20.5,19L19,20.5L14,15.5V14.71L13.73,14.44C12.59,15.41 11.11,16 9.5,16A6.5,6.5 0 0,1 3,9.5A6.5,6.5 0 0,1 9.5,3M9.5,5C7,5 5,7 5,9.5C5,12 7,14 9.5,14C12,14 14,12 14,9.5C14,7 12,5 9.5,5Z"
                  fill="currentColor"
                />
              </svg>
            </span>
            <input
              autoComplete="off"
              className="form-control"
              onChange={[Function]}
              onKeyDown={[Function]}
              placeholder="Search 10,000,000 posts"
              type="text"
              value=""
            />
          </div>
        </div>
      </div>
      <div
        className="switch-menu"
      >
        <div
          className="switch-language"
        >
          <div
            className="custom-dropdown float-right"
            onClick={[Function]}
            onMouseEnter={[Function]}
            onMouseLeave={[Function]}
          >
            <div
              className="dropdown-btn"
            >
              <div
                className="label"
              >
                EN
              </div>
              <div
                className="menu-down"
              >
                <svg
                  viewBox="0 0 24 24"
                >
                  <path
                    d="M7,10L12,15L17,10H7Z"
                    fill="currentColor"
                  />
                </svg>
              </div>
            </div>
          </div>
        </div>
        <div
          className="switch-theme"
          onClick={[Function]}
          title="Night Theme"
        >
          <svg
            viewBox="0 0 24 24"
          >
            <path
              d="M12,18V6A6,6 0 0,1 18,12A6,6 0 0,1 12,18M20,15.31L23.31,12L20,8.69V4H15.31L12,0.69L8.69,4H4V8.69L0.69,12L4,15.31V20H8.69L12,23.31L15.31,20H20V15.31Z"
              fill="currentColor"
            />
          </svg>
        </div>
        <a
          className="switch-theme pencil"
          href="/submit"
          onClick={[Function]}
          title="Create Post"
        >
          <svg
            viewBox="0 0 24 24"
          >
            <path
              d="M14.06,9L15,9.94L5.92,19H5V18.08L14.06,9M17.66,3C17.41,3 17.15,3.1 16.96,3.29L15.13,5.12L18.88,8.87L20.71,7.04C21.1,6.65 21.1,6 20.71,5.63L18.37,3.29C18.17,3.09 17.92,3 17.66,3M14.06,6.19L3,17.25V21H6.75L17.81,9.94L14.06,6.19Z"
              fill="currentColor"
            />
          </svg>
        </a>
      </div>
      <div
        className="btn-menu"
      />
      <div>
        <div
          className="user-nav"
        >
          <a
            className="user-wallet"
            href="/@foo/wallet"
            onClick={[Function]}
            title="Wallet"
          >
            <svg
              viewBox="0 0 24 24"
            >
              <path
                d="M20,8H4V6H20M20,18H4V12H20M20,4H4C2.89,4 2,4.89 2,6V18A2,2 0 0,0 4,20H20A2,2 0 0,0 22,18V6C22,4.89 21.1,4 20,4Z"
                fill="currentColor"
              />
            </svg>
          </a>
          <div
            className="custom-dropdown float-right"
            onClick={[Function]}
            onMouseEnter={[Function]}
            onMouseLeave={[Function]}
          >
            <span
              className="user-avatar medium"
              style={
                Object {
                  "backgroundImage": "url(https://images.ecency.com/u/foo/avatar/medium)",
                }
              }
            />
          </div>
        </div>
        <div
          className="submit-post"
        >
          <a
            className="btn btn-outline-primary"
            href="/submit"
            onClick={[Function]}
            title="Create Post"
          >
            <svg
              viewBox="0 0 24 24"
            >
              <path
                d="M14.06,9L15,9.94L5.92,19H5V18.08L14.06,9M17.66,3C17.41,3 17.15,3.1 16.96,3.29L15.13,5.12L18.88,8.87L20.71,7.04C21.1,6.65 21.1,6 20.71,5.63L18.37,3.29C18.17,3.09 17.92,3 17.66,3M14.06,6.19L3,17.25V21H6.75L17.81,9.94L14.06,6.19Z"
                fill="currentColor"
              />
            </svg>
          </a>
        </div>
      </div>
    </div>
  </div>,
]
`;
