// Jest Snapshot v1, https://goo.gl/fbAQLP

exports[`(1) Render 1`] = `
<div
  className="community-settings-dialog-content"
>
  <form
    className="settings-form "
    onSubmit={[Function]}
  >
    <div
      className="form-group row"
    >
      <label
        className="form-label col-form-label col-sm-2"
      >
        Title
      </label>
      <div
        className="col-sm-10"
      >
        <div
          className="input-group"
        >
          <input
            autoComplete="off"
            className="form-control"
            name="title"
            onChange={[Function]}
            onInput={[Function]}
            onInvalid={[Function]}
            required={true}
            type="text"
            value="GEMS"
          />
        </div>
      </div>
    </div>
    <div
      className="form-group row"
    >
      <label
        className="form-label col-form-label col-sm-2"
      >
        About
      </label>
      <div
        className="col-sm-10"
      >
        <div
          className="input-group"
        >
          <input
            autoComplete="off"
            className="form-control"
            name="about"
            onChange={[Function]}
            type="text"
            value="To highlight true Gems of Hive community with User Retention as primary objective."
          />
        </div>
      </div>
    </div>
    <div
      className="form-group row"
    >
      <label
        className="form-label col-form-label col-sm-2"
      >
        Language
      </label>
      <div
        className="col-sm-4"
      >
        <div
          className="input-group"
        >
          <select
            className="form-control"
            name="lang"
            onChange={[Function]}
            value="en"
          >
            <option
              value="af"
            >
              Afrikaans
            </option>
            <option
              value="sq"
            >
              Albanian
            </option>
            <option
              value="am"
            >
              Amharic
            </option>
            <option
              value="ar"
            >
              Arabic
            </option>
            <option
              value="hy"
            >
              Armenian
            </option>
            <option
              value="az"
            >
              Azerbaijani
            </option>
            <option
              value="eu"
            >
              Basque
            </option>
            <option
              value="be"
            >
              Belarusian
            </option>
            <option
              value="bn"
            >
              Bengali
            </option>
            <option
              value="bs"
            >
              Bosnian
            </option>
            <option
              value="bg"
            >
              Bulgarian
            </option>
            <option
              value="my"
            >
              Burmese
            </option>
            <option
              value="ca"
            >
              Catalan
            </option>
            <option
              value="ny"
            >
              Chewa
            </option>
            <option
              value="zh"
            >
              Chinese
            </option>
            <option
              value="co"
            >
              Corsican
            </option>
            <option
              value="hr"
            >
              Croatian
            </option>
            <option
              value="cs"
            >
              Czech
            </option>
            <option
              value="da"
            >
              Danish
            </option>
            <option
              value="nl"
            >
              Dutch
            </option>
            <option
              value="en"
            >
              English
            </option>
            <option
              value="eo"
            >
              Esperanto
            </option>
            <option
              value="et"
            >
              Estonian
            </option>
            <option
              value="fi"
            >
              Finnish
            </option>
            <option
              value="fr"
            >
              French
            </option>
            <option
              value="gl"
            >
              Galician
            </option>
            <option
              value="ka"
            >
              Georgian
            </option>
            <option
              value="de"
            >
              German
            </option>
            <option
              value="el"
            >
              Greek
            </option>
            <option
              value="gu"
            >
              Gujarati
            </option>
            <option
              value="ht"
            >
              Haitian Creole
            </option>
            <option
              value="ha"
            >
              Hausa
            </option>
            <option
              value="he"
            >
              Hebrew
            </option>
            <option
              value="hi"
            >
              Hindi
            </option>
            <option
              value="hu"
            >
              Hungarian
            </option>
            <option
              value="is"
            >
              Icelandic
            </option>
            <option
              value="ig"
            >
              Igbo
            </option>
            <option
              value="id"
            >
              Indonesian
            </option>
            <option
              value="ga"
            >
              Irish
            </option>
            <option
              value="it"
            >
              Italian
            </option>
            <option
              value="ja"
            >
              Japanese
            </option>
            <option
              value="jv"
            >
              Javanese
            </option>
            <option
              value="kn"
            >
              Kannada
            </option>
            <option
              value="kk"
            >
              Kazakh
            </option>
            <option
              value="rw"
            >
              Kinyarwanda
            </option>
            <option
              value="ko"
            >
              Korean
            </option>
            <option
              value="ku"
            >
              Kurdish
            </option>
            <option
              value="ky"
            >
              Kyrgyz
            </option>
            <option
              value="lo"
            >
              Lao
            </option>
            <option
              value="la"
            >
              Latin
            </option>
            <option
              value="lv"
            >
              Latvian
            </option>
            <option
              value="lt"
            >
              Lithuanian
            </option>
            <option
              value="lb"
            >
              Luxembourgish
            </option>
            <option
              value="mk"
            >
              Macedonian
            </option>
            <option
              value="mg"
            >
              Malagasy
            </option>
            <option
              value="ms"
            >
              Malay
            </option>
            <option
              value="ml"
            >
              Malayalam
            </option>
            <option
              value="mt"
            >
              Maltese
            </option>
            <option
              value="mi"
            >
              Maori
            </option>
            <option
              value="mr"
            >
              Marathi
            </option>
            <option
              value="mn"
            >
              Mongolian
            </option>
            <option
              value="ne"
            >
              Nepali
            </option>
            <option
              value="nb"
            >
              Norwegian (Bokm√•l)
            </option>
            <option
              value="ps"
            >
              Pashto
            </option>
            <option
              value="fa"
            >
              Persian
            </option>
            <option
              value="pl"
            >
              Polish
            </option>
            <option
              value="pt"
            >
              Portuguese
            </option>
            <option
              value="pa"
            >
              Punjabi (Gurmukhi)
            </option>
            <option
              value="ro"
            >
              Romanian
            </option>
            <option
              value="ru"
            >
              Russian
            </option>
            <option
              value="sm"
            >
              Samoan
            </option>
            <option
              value="sr"
            >
              Serbian
            </option>
            <option
              value="sn"
            >
              Shona
            </option>
            <option
              value="sd"
            >
              Sindhi
            </option>
            <option
              value="si"
            >
              Sinhala
            </option>
            <option
              value="sk"
            >
              Slovak
            </option>
            <option
              value="sl"
            >
              Slovenian
            </option>
            <option
              value="so"
            >
              Somali
            </option>
            <option
              value="es"
            >
              Spanish
            </option>
            <option
              value="su"
            >
              Sundanese
            </option>
            <option
              value="sw"
            >
              Swahili
            </option>
            <option
              value="sv"
            >
              Swedish
            </option>
            <option
              value="tg"
            >
              Tajik
            </option>
            <option
              value="ta"
            >
              Tamil
            </option>
            <option
              value="tt"
            >
              Tatar
            </option>
            <option
              value="te"
            >
              Telugu
            </option>
            <option
              value="th"
            >
              Thai
            </option>
            <option
              value="tr"
            >
              Turkish
            </option>
            <option
              value="tk"
            >
              Turkmen
            </option>
            <option
              value="uk"
            >
              Ukrainian
            </option>
            <option
              value="ur"
            >
              Urdu
            </option>
            <option
              value="ug"
            >
              Uyghur
            </option>
            <option
              value="uz"
            >
              Uzbek
            </option>
            <option
              value="vi"
            >
              Vietnamese
            </option>
            <option
              value="cy"
            >
              Welsh
            </option>
            <option
              value="xh"
            >
              Xhosa
            </option>
            <option
              value="yi"
            >
              Yiddish
            </option>
            <option
              value="yo"
            >
              Yoruba
            </option>
            <option
              value="zu"
            >
              Zulu
            </option>
          </select>
        </div>
      </div>
    </div>
    <div
      className="form-group row"
    >
      <label
        className="form-label col-form-label col-sm-2"
      >
        Description
      </label>
      <div
        className="col-sm-10"
      >
        <div
          className="input-group"
        >
          <textarea
            className="form-control"
            name="description"
            onChange={[Function]}
            value="This is a collective curation community formed by @appreciator, @rocky1 and @upmewhale. You can post your genuine and creative content in this community to get more support.


You can post in languages other than English.

There are not many restrictions but just few simple ones and we expect you to adhere to them

Join our discord group to keep yourself updated:
https://discord.gg/n98Kpmm"
          />
        </div>
      </div>
    </div>
    <div
      className="form-group row"
    >
      <label
        className="form-label col-form-label col-sm-2"
      >
        Rules
      </label>
      <div
        className="col-sm-10"
      >
        <div
          className="input-group"
        >
          <textarea
            className="form-control"
            name="flag_text"
            onChange={[Function]}
            value="Plagiarism will be highly discouraged.
Hate Speech is not allowed"
          />
        </div>
        <small
          className="form-text"
        >
          One per line
        </small>
      </div>
    </div>
    <div
      className="form-group row"
    >
      <div
        className="col-sm-10 offset-sm-2"
      >
        <div
          className="form-check"
        >
          <input
            checked={false}
            className="form-check-input"
            disabled={false}
            id="check-nsfw"
            name="is_nsfw"
            onChange={[Function]}
            type="checkbox"
          />
          <label
            className="form-check-label"
            htmlFor="check-nsfw"
            title=""
          >
            NSFW
          </label>
        </div>
      </div>
    </div>
    <div
      className="d-flex justify-content-end"
    >
      <button
        className="btn btn-primary"
        disabled={false}
        type="submit"
      >
        Save
      </button>
    </div>
  </form>
</div>
`;
