// Jest Snapshot v1, https://goo.gl/fbAQLP

exports[`1- default state 1`] = `Object {}`;
